// Jest Snapshot v1, https://goo.gl/fbAQLP

exports[`SignUpMessage component should be rendered 1`] = `
<DocumentFragment>
  <div>
    <p
      class="MuiTypography-root MuiTypography-body1 css-c7xp52-MuiTypography-root"
    >
      Don't have an account?
    </p>
    <a
      href="/register"
    >
      Sign up
    </a>
  </div>
</DocumentFragment>
`;
