// Jest Snapshot v1, https://goo.gl/fbAQLP

exports[`AuthContainer component should render AuthContainer component 1`] = `
<DocumentFragment>
  <div
    data-testid="authContainer"
  >
    <a
      href="/"
    >
      <div
        class=""
      >
        <svg
          class="MuiSvgIcon-root MuiSvgIcon-fontSizeMedium css-i4bv87-MuiSvgIcon-root"
          focusable="false"
          role="img"
          viewBox="0 0 24 24"
        >
          <use
            href="/src/assets/icons/sprite.svg#icon-logo"
          />
          <title>
            Logo
          </title>
        </svg>
        <p
          class="MuiTypography-root MuiTypography-h3 css-asei96-MuiTypography-root"
        >
          Dashboard Kit
        </p>
      </div>
    </a>
    <div>
      Mocked Children
    </div>
  </div>
</DocumentFragment>
`;
