// Jest Snapshot v1, https://goo.gl/fbAQLP

exports[`User menu component should be rendered 1`] = `
<DocumentFragment>
  <div
    class="MuiBox-root css-wfsak8"
  >
    <button
      class="MuiButtonBase-root MuiButton-root MuiButton-text MuiButton-textPrimary MuiButton-sizeMedium MuiButton-textSizeMedium MuiButton-root MuiButton-text MuiButton-textPrimary MuiButton-sizeMedium MuiButton-textSizeMedium css-1c52rb6-MuiButtonBase-root-MuiButton-root"
      tabindex="0"
      type="button"
    >
      <svg
        class="MuiSvgIcon-root MuiSvgIcon-fontSizeSmall css-ptiqhd-MuiSvgIcon-root"
        focusable="false"
        role="img"
        viewBox="0 0 24 24"
      >
        <use
          href="/src/assets/icons/sprite.svg#icon-search"
        />
        <title>
          Search
        </title>
      </svg>
      <span
        class="MuiTouchRipple-root css-8je8zh-MuiTouchRipple-root"
      />
    </button>
    <button
      class="MuiButtonBase-root MuiButton-root MuiButton-text MuiButton-textPrimary MuiButton-sizeMedium MuiButton-textSizeMedium MuiButton-root MuiButton-text MuiButton-textPrimary MuiButton-sizeMedium MuiButton-textSizeMedium css-1e6y48t-MuiButtonBase-root-MuiButton-root"
      tabindex="0"
      type="button"
    >
      <svg
        class="MuiSvgIcon-root MuiSvgIcon-fontSizeSmall css-ptiqhd-MuiSvgIcon-root"
        focusable="false"
        role="img"
        viewBox="0 0 24 24"
      >
        <use
          href="/src/assets/icons/sprite.svg#icon-new"
        />
        <title>
          New message
        </title>
      </svg>
      <span
        class="MuiTouchRipple-root css-8je8zh-MuiTouchRipple-root"
      />
    </button>
    <svg
      aria-hidden="true"
      class="MuiSvgIcon-root MuiSvgIcon-fontSizeMedium css-42ddvs-MuiSvgIcon-root"
      focusable="false"
      viewBox="0 0 24 24"
    >
      <use
        href="/src/assets/icons/sprite.svg#icon-vertical"
      />
    </svg>
    <p
      class="MuiTypography-root MuiTypography-body1 css-12plx43-MuiTypography-root"
    >
      John Doe
    </p>
    <button
      class="MuiButtonBase-root MuiButton-root MuiButton-text MuiButton-textPrimary MuiButton-sizeMedium MuiButton-textSizeMedium MuiButton-root MuiButton-text MuiButton-textPrimary MuiButton-sizeMedium MuiButton-textSizeMedium css-14h9gbu-MuiButtonBase-root-MuiButton-root"
      tabindex="0"
      type="button"
    >
      <div
        class="MuiBox-root css-16mtpgz"
      >
        <img
          alt="User's photo"
          src="/src/assets/images/users/jones-ferdinand@2x.png"
        />
      </div>
      <span
        class="MuiTouchRipple-root css-8je8zh-MuiTouchRipple-root"
      />
    </button>
  </div>
</DocumentFragment>
`;
