// Jest Snapshot v1, https://goo.gl/fbAQLP

exports[`Tasks component should be rendered 1`] = `
<DocumentFragment>
  <div
    class="MuiBox-root css-1wjthba"
  >
    <div
      class="MuiBox-root css-tgxzo7"
    >
      <h3
        class="MuiTypography-root MuiTypography-h3 css-gepadz-MuiTypography-root"
      >
        Tasks
      </h3>
      <a
        href="/"
      >
        View all
      </a>
    </div>
    <p
      class="MuiTypography-root MuiTypography-body1 css-1i9dev7-MuiTypography-root"
    >
      Today
    </p>
    <div
      class="MuiBox-root css-70phyn"
    >
      <p
        class="MuiTypography-root MuiTypography-body1 css-18jlpju-MuiTypography-root"
      >
        Create new task
      </p>
      <button
        class="MuiButtonBase-root MuiButton-root MuiButton-text MuiButton-textPrimary MuiButton-sizeMedium MuiButton-textSizeMedium MuiButton-root MuiButton-text MuiButton-textPrimary MuiButton-sizeMedium MuiButton-textSizeMedium css-1e6y48t-MuiButtonBase-root-MuiButton-root"
        tabindex="0"
        type="button"
      >
        <svg
          class="MuiSvgIcon-root MuiSvgIcon-fontSizeMedium css-i4bv87-MuiSvgIcon-root"
          focusable="false"
          role="img"
          viewBox="0 0 24 24"
        >
          <use
            href="/sprite.svg#icon-create"
          />
          <title>
            Add new task
          </title>
        </svg>
        <span
          class="MuiTouchRipple-root css-8je8zh-MuiTouchRipple-root"
        />
      </button>
    </div>
    <ul
      class="MuiList-root MuiList-padding css-h4y409-MuiList-root"
    >
      <li
        class="MuiListItem-root MuiListItem-gutters MuiListItem-padding css-1an86nx-MuiListItem-root"
      >
        <div
          class="MuiBox-root css-13t3iqc"
        >
          <label>
            <span
              class="MuiButtonBase-root MuiCheckbox-root MuiCheckbox-colorPrimary MuiCheckbox-sizeMedium PrivateSwitchBase-root MuiCheckbox-root MuiCheckbox-colorPrimary MuiCheckbox-sizeMedium MuiCheckbox-root MuiCheckbox-colorPrimary MuiCheckbox-sizeMedium css-le7zt4-MuiButtonBase-root-MuiCheckbox-root"
              data-testid="checkbox"
            >
              <input
                class="PrivateSwitchBase-input css-1m9pwf3"
                data-indeterminate="false"
                type="checkbox"
              />
              <svg
                aria-hidden="true"
                class="MuiSvgIcon-root MuiSvgIcon-fontSizeMedium css-i4bv87-MuiSvgIcon-root"
                data-testid="CheckBoxOutlineBlankIcon"
                focusable="false"
                viewBox="0 0 24 24"
              >
                <path
                  d="M19 5v14H5V5h14m0-2H5c-1.1 0-2 .9-2 2v14c0 1.1.9 2 2 2h14c1.1 0 2-.9 2-2V5c0-1.1-.9-2-2-2z"
                />
              </svg>
              <span
                class="MuiTouchRipple-root css-8je8zh-MuiTouchRipple-root"
              />
            </span>
            <div
              class="MuiBox-root css-yhnhoj"
            >
              <svg
                class="MuiSvgIcon-root MuiSvgIcon-fontSizeMedium css-1xhbeow-MuiSvgIcon-root"
                focusable="false"
                role="img"
                viewBox="0 0 24 24"
              >
                <use
                  href="/src/assets/icons/sprite.svg#icon-inactiveCheckbox"
                />
                <title>
                  Task not completed
                </title>
              </svg>
            </div>
          </label>
          <p
            class="MuiTypography-root MuiTypography-subtitle2 css-ati914-MuiTypography-root"
          >
            Task 1
          </p>
        </div>
        <span
          class="undefined"
        >
          high
        </span>
      </li>
      <li
        class="MuiListItem-root MuiListItem-gutters MuiListItem-padding css-1an86nx-MuiListItem-root"
      >
        <div
          class="MuiBox-root css-13t3iqc"
        >
          <label>
            <span
              class="MuiButtonBase-root MuiCheckbox-root MuiCheckbox-colorPrimary MuiCheckbox-sizeMedium PrivateSwitchBase-root MuiCheckbox-root MuiCheckbox-colorPrimary MuiCheckbox-sizeMedium MuiCheckbox-root MuiCheckbox-colorPrimary MuiCheckbox-sizeMedium css-le7zt4-MuiButtonBase-root-MuiCheckbox-root"
              data-testid="checkbox"
            >
              <input
                class="PrivateSwitchBase-input css-1m9pwf3"
                data-indeterminate="false"
                type="checkbox"
              />
              <svg
                aria-hidden="true"
                class="MuiSvgIcon-root MuiSvgIcon-fontSizeMedium css-i4bv87-MuiSvgIcon-root"
                data-testid="CheckBoxOutlineBlankIcon"
                focusable="false"
                viewBox="0 0 24 24"
              >
                <path
                  d="M19 5v14H5V5h14m0-2H5c-1.1 0-2 .9-2 2v14c0 1.1.9 2 2 2h14c1.1 0 2-.9 2-2V5c0-1.1-.9-2-2-2z"
                />
              </svg>
              <span
                class="MuiTouchRipple-root css-8je8zh-MuiTouchRipple-root"
              />
            </span>
            <div
              class="MuiBox-root css-yhnhoj"
            >
              <svg
                class="MuiSvgIcon-root MuiSvgIcon-fontSizeMedium css-1xhbeow-MuiSvgIcon-root"
                focusable="false"
                role="img"
                viewBox="0 0 24 24"
              >
                <use
                  href="/src/assets/icons/sprite.svg#icon-inactiveCheckbox"
                />
                <title>
                  Task not completed
                </title>
              </svg>
            </div>
          </label>
          <p
            class="MuiTypography-root MuiTypography-subtitle2 css-ati914-MuiTypography-root"
          >
            Task 2
          </p>
        </div>
        <span
          class="undefined"
        >
          medium
        </span>
      </li>
      <li
        class="MuiListItem-root MuiListItem-gutters MuiListItem-padding css-1an86nx-MuiListItem-root"
      >
        <div
          class="MuiBox-root css-13t3iqc"
        >
          <label>
            <span
              class="MuiButtonBase-root MuiCheckbox-root MuiCheckbox-colorPrimary MuiCheckbox-sizeMedium PrivateSwitchBase-root MuiCheckbox-root MuiCheckbox-colorPrimary MuiCheckbox-sizeMedium MuiCheckbox-root MuiCheckbox-colorPrimary MuiCheckbox-sizeMedium css-le7zt4-MuiButtonBase-root-MuiCheckbox-root"
              data-testid="checkbox"
            >
              <input
                class="PrivateSwitchBase-input css-1m9pwf3"
                data-indeterminate="false"
                type="checkbox"
              />
              <svg
                aria-hidden="true"
                class="MuiSvgIcon-root MuiSvgIcon-fontSizeMedium css-i4bv87-MuiSvgIcon-root"
                data-testid="CheckBoxOutlineBlankIcon"
                focusable="false"
                viewBox="0 0 24 24"
              >
                <path
                  d="M19 5v14H5V5h14m0-2H5c-1.1 0-2 .9-2 2v14c0 1.1.9 2 2 2h14c1.1 0 2-.9 2-2V5c0-1.1-.9-2-2-2z"
                />
              </svg>
              <span
                class="MuiTouchRipple-root css-8je8zh-MuiTouchRipple-root"
              />
            </span>
            <div
              class="MuiBox-root css-yhnhoj"
            >
              <svg
                class="MuiSvgIcon-root MuiSvgIcon-fontSizeMedium css-1xhbeow-MuiSvgIcon-root"
                focusable="false"
                role="img"
                viewBox="0 0 24 24"
              >
                <use
                  href="/src/assets/icons/sprite.svg#icon-inactiveCheckbox"
                />
                <title>
                  Task not completed
                </title>
              </svg>
            </div>
          </label>
          <p
            class="MuiTypography-root MuiTypography-subtitle2 css-ati914-MuiTypography-root"
          >
            Task 3
          </p>
        </div>
        <span
          class="undefined"
        >
          low
        </span>
      </li>
    </ul>
  </div>
</DocumentFragment>
`;
