// Jest Snapshot v1, https://goo.gl/fbAQLP

exports[`Heading component should be rendered 1`] = `
<DocumentFragment>
  <div
    class="MuiGrid-root MuiGrid-container css-bxay1f-MuiGrid-root"
  >
    <div
      class="MuiGrid-root MuiGrid-item MuiGrid-grid-xs-4 css-gj1fbr-MuiGrid-root"
    >
      Column 1 
      <svg
        aria-hidden="true"
        class="MuiSvgIcon-root MuiSvgIcon-fontSizeSmall css-1j6x8sl-MuiSvgIcon-root"
        data-testid="NorthIcon"
        focusable="false"
        viewBox="0 0 24 24"
      >
        <path
          d="m5 9 1.41 1.41L11 5.83V22h2V5.83l4.59 4.59L19 9l-7-7-7 7z"
        />
      </svg>
    </div>
    <div
      class="MuiGrid-root MuiGrid-item MuiGrid-grid-xs-4 css-gj1fbr-MuiGrid-root"
    >
      Column 2 
    </div>
    <div
      class="MuiGrid-root MuiGrid-item MuiGrid-grid-xs-4 css-gj1fbr-MuiGrid-root"
    >
      Column 3 
    </div>
  </div>
</DocumentFragment>
`;
